Archive member included because of file (symbol)

Components\Application\arm-none-eabi\4.5.2\application\libApplication.a(Application.o)
                              Targets\netX51\__arm-none-eabi\4.5.2\netx51_thumb_objs\main.o (Main_Application)

Discarded input sections

 .text          0x00000000        0x0 Targets\netX51\__arm-none-eabi\4.5.2\netx51_arm_objs\init_netx51.o
 .bss           0x00000000        0x0 Targets\netX51\__arm-none-eabi\4.5.2\netx51_arm_objs\init_netx51.o
 .text          0x00000000        0x0 Targets\netX51\__arm-none-eabi\4.5.2\netx51_thumb_objs\main.o
 .data          0x00000000        0x0 Targets\netX51\__arm-none-eabi\4.5.2\netx51_thumb_objs\main.o
 .bss           0x00000000        0x0 Targets\netX51\__arm-none-eabi\4.5.2\netx51_thumb_objs\main.o
 .text          0x00000000        0x0 Targets\netX51\__arm-none-eabi\4.5.2\netx51_thumb_objs\mmio_config.o
 .data          0x00000000        0x0 Targets\netX51\__arm-none-eabi\4.5.2\netx51_thumb_objs\mmio_config.o
 .bss           0x00000000        0x0 Targets\netX51\__arm-none-eabi\4.5.2\netx51_thumb_objs\mmio_config.o
 .text          0x00000000        0x0 Components\Application\arm-none-eabi\4.5.2\application\libApplication.a(Application.o)
 .data          0x00000000        0x0 Components\Application\arm-none-eabi\4.5.2\application\libApplication.a(Application.o)
 .bss           0x00000000        0x0 Components\Application\arm-none-eabi\4.5.2\application\libApplication.a(Application.o)

Memory Configuration

Name             Origin             Length             Attributes
SDRAM            0x80000000         0x00800000         xrw
INTRAM0_6        0x08000080         0x0007ff80         xrw
XC0_AREA         0x08080000         0x00010000         xrw
XC1_AREA         0x08090000         0x00010000         xrw
*default*        0x00000000         0xffffffff

Linker script and memory map

LOAD Targets\netX51\__arm-none-eabi\4.5.2\netx51_arm_objs\init_netx51.o
LOAD Targets\netX51\__arm-none-eabi\4.5.2\netx51_thumb_objs\main.o
LOAD Targets\netX51\__arm-none-eabi\4.5.2\netx51_thumb_objs\mmio_config.o
LOAD Components\Application\arm-none-eabi\4.5.2\application\libApplication.a
LOAD c:/buildtools/arm-none-eabi-gcc/4.5.2/bin/../lib/gcc/arm-none-eabi/4.5.2/../../../../arm-none-eabi/lib/thumb\libm.a
LOAD c:/buildtools/arm-none-eabi-gcc/4.5.2/bin/../lib/gcc/arm-none-eabi/4.5.2/../../../../arm-none-eabi/lib/thumb\libc.a
LOAD c:/buildtools/arm-none-eabi-gcc/4.5.2/bin/../lib/gcc/arm-none-eabi/4.5.2/thumb\libgcc.a
                0x00000100                _FIQ_STACK_SIZE = 0x100
                0x00000c00                _IRQ_STACK_SIZE = 0xc00
                0x00000100                _ABT_STACK_SIZE = 0x100
                0x00000100                _UND_STACK_SIZE = 0x100
                0x00000100                _SVC_STACK_SIZE = 0x100
                0x00001000                _SYS_STACK_SIZE = 0x1000

.stacks         0x80000000     0x2000
                0x80000100                . = (. + _FIQ_STACK_SIZE)
 *fill*         0x80000000      0x100 00
                0x80000100                _FIQ_STACK_TOP = .
                0x80000d00                . = (. + _IRQ_STACK_SIZE)
 *fill*         0x80000100      0xc00 00
                0x80000d00                _IRQ_STACK_TOP = .
                0x80000e00                . = (. + _SVC_STACK_SIZE)
 *fill*         0x80000d00      0x100 00
                0x80000e00                _SVC_STACK_TOP = .
                0x80000f00                . = (. + _UND_STACK_SIZE)
 *fill*         0x80000e00      0x100 00
                0x80000f00                _UND_STACK_TOP = .
                0x80001000                . = (. + _ABT_STACK_SIZE)
 *fill*         0x80000f00      0x100 00
                0x80001000                _ABT_STACK_TOP = .
                0x80002000                . = (. + _SYS_STACK_SIZE)
 *fill*         0x80001000     0x1000 00
                0x80002000                _SYS_STACK_TOP = .
                0x00000001                ASSERT (! ((_FIQ_STACK_TOP & 0x7)), EABI violation: FIQ stack not aligned to 8 byte boundary)
                0x00000001                ASSERT (! ((_IRQ_STACK_TOP & 0x7)), EABI violation: IRQ stack not aligned to 8 byte boundary)
                0x00000001                ASSERT (! ((_SVC_STACK_TOP & 0x7)), EABI violation: SVC stack not aligned to 8 byte boundary)
                0x00000001                ASSERT (! ((_UND_STACK_TOP & 0x7)), EABI violation: UND stack not aligned to 8 byte boundary)
                0x00000001                ASSERT (! ((_ABT_STACK_TOP & 0x7)), EABI violation: ABT stack not aligned to 8 byte boundary)
                0x00000001                ASSERT (! ((_SYS_STACK_TOP & 0x7)), EABI violation: SYS stack not aligned to 8 byte boundary)

.sec0           0x80002000      0x200
 *(.init_code)
 .init_code     0x80002000       0xf8 Targets\netX51\__arm-none-eabi\4.5.2\netx51_arm_objs\init_netx51.o
                0x80002000                start
                0x800020a0                rX_DevGetBoottype
                0x800020ac                rX_DevGetBootblock
                [0x80002000]                rXParseBootTokens = DEFINED (rXParseBootTokens)?rXParseBootTokens:0x0
                0x800020f8                _rx_relocation_table_start = .
                0x800020f8                _rx_relocation_table_end = .
 *(.text* .gnu.linkonce.t.*)
 .text.main     0x800020f8       0x14 Targets\netX51\__arm-none-eabi\4.5.2\netx51_thumb_objs\main.o
                0x800020f8                main
 .text.mmio_config_netx51
                0x8000210c       0x50 Targets\netX51\__arm-none-eabi\4.5.2\netx51_thumb_objs\mmio_config.o
                0x8000210c                mmio_config_netx51
 .text.Main_Application
                0x8000215c        0x4 Components\Application\arm-none-eabi\4.5.2\application\libApplication.a(Application.o)
                0x8000215c                Main_Application
 *(.ARM.extab* .gnu.linkonce.armextab.*)
 *(.gcc_except_table)
 *(.glue_7t*)
 .glue_7t       0x00000000        0x0 linker stubs
 *(.glue_7*)
 .glue_7        0x00000000        0x0 linker stubs
 *(.rodata* .gnu.linkonce.r.*)
 .rodata.s_atMmioConfig
                0x80002160       0xa0 Targets\netX51\__arm-none-eabi\4.5.2\netx51_thumb_objs\mmio_config.o
                0x80002200                . = ALIGN (0x4)
                0x80002200                _etext = .
                0x80002200                PROVIDE (etext, .)

.vfp11_veneer   0x80002200        0x0
 .vfp11_veneer  0x00000000        0x0 linker stubs

.v4_bx          0x80002200        0x0
 .v4_bx         0x00000000        0x0 linker stubs

.ARM.exidx      0x80002200        0x0
                0x80002200                __exidx_start = .
 *(.ARM.exidx* .gnu.linkonce.armexidx.*)
                0x80002200                __exidx_end = .

.data           0x80002200       0x50
                0x80002200                . = ALIGN (0x4)
                0x80002200                _data = .
 *(.data* .gnu.linkonce.d.*)
 .data          0x80002200       0x50 Targets\netX51\__arm-none-eabi\4.5.2\netx51_arm_objs\init_netx51.o
                0x80002200                g_pvFWParam
                0x80002204                ulBootOption
                0x80002208                tBootblock

.bss            0x80002250        0x0
                0x80002250                . = ALIGN (0x4)
                0x80002250                __bss_start__ = .
 *(.bss* .gnu.linkonce.b.*)
 *(COMMON*)
                0x80002250                . = ALIGN (0x4)
                0x80002250                __bss_end__ = .
                0x80002250                . = ALIGN (0x4)
                0x80002250                _edata = .
                0x80002250                PROVIDE (edata, .)
                0x80002250                . = ALIGN (0x4)
                0x80002250                _end = .
                0x80002250                PROVIDE (end, .)
                0x80002250                PROVIDE (_end, .)
                0x80002250                PROVIDE (_heap_start, .)
                0x80800000                PROVIDE (_heap_end, 0x80800000)

.stab
 *(.stab)

.stabstr
 *(.stabstr)

.stab.excl
 *(.stab.excl)

.stab.exclstr
 *(.stab.exclstr)

.stab.index
 *(.stab.index)

.stab.indexstr
 *(.stab.indexstr)

.ARM.attributes
                0x00000000       0x31
 .ARM.attributes
                0x00000000       0x25 Targets\netX51\__arm-none-eabi\4.5.2\netx51_arm_objs\init_netx51.o
 .ARM.attributes
                0x00000025       0x33 Targets\netX51\__arm-none-eabi\4.5.2\netx51_thumb_objs\main.o
 .ARM.attributes
                0x00000058       0x33 Targets\netX51\__arm-none-eabi\4.5.2\netx51_thumb_objs\mmio_config.o
 .ARM.attributes
                0x0000008b       0x2d Components\Application\arm-none-eabi\4.5.2\application\libApplication.a(Application.o)

.comment        0x00000000       0x2a
 *(.comment)
 .comment       0x00000000       0x2a Targets\netX51\__arm-none-eabi\4.5.2\netx51_thumb_objs\main.o
                                 0x2b (size before relaxing)
 .comment       0x00000000       0x2b Targets\netX51\__arm-none-eabi\4.5.2\netx51_thumb_objs\mmio_config.o
 .comment       0x00000000       0x2b Components\Application\arm-none-eabi\4.5.2\application\libApplication.a(Application.o)

.debug
 *(.debug)

.line
 *(.line)

.debug_srcinfo
 *(.debug_srcinfo)

.debug_sfnames
 *(.debug_sfnames)

.debug_aranges  0x00000000       0x80
 *(.debug_aranges)
 .debug_aranges
                0x00000000       0x20 Targets\netX51\__arm-none-eabi\4.5.2\netx51_arm_objs\init_netx51.o
 .debug_aranges
                0x00000020       0x20 Targets\netX51\__arm-none-eabi\4.5.2\netx51_thumb_objs\main.o
 .debug_aranges
                0x00000040       0x20 Targets\netX51\__arm-none-eabi\4.5.2\netx51_thumb_objs\mmio_config.o
 .debug_aranges
                0x00000060       0x20 Components\Application\arm-none-eabi\4.5.2\application\libApplication.a(Application.o)

.debug_pubnames
                0x00000000       0x6b
 *(.debug_pubnames)
 .debug_pubnames
                0x00000000       0x1b Targets\netX51\__arm-none-eabi\4.5.2\netx51_thumb_objs\main.o
 .debug_pubnames
                0x0000001b       0x29 Targets\netX51\__arm-none-eabi\4.5.2\netx51_thumb_objs\mmio_config.o
 .debug_pubnames
                0x00000044       0x27 Components\Application\arm-none-eabi\4.5.2\application\libApplication.a(Application.o)

.debug_info     0x00000000     0xaa78
 *(.debug_info .gnu.linkonce.wi.*)
 .debug_info    0x00000000       0x99 Targets\netX51\__arm-none-eabi\4.5.2\netx51_arm_objs\init_netx51.o
 .debug_info    0x00000099       0x4a Targets\netX51\__arm-none-eabi\4.5.2\netx51_thumb_objs\main.o
 .debug_info    0x000000e3     0xa94c Targets\netX51\__arm-none-eabi\4.5.2\netx51_thumb_objs\mmio_config.o
 .debug_info    0x0000aa2f       0x49 Components\Application\arm-none-eabi\4.5.2\application\libApplication.a(Application.o)

.debug_abbrev   0x00000000      0x154
 *(.debug_abbrev)
 .debug_abbrev  0x00000000       0x14 Targets\netX51\__arm-none-eabi\4.5.2\netx51_arm_objs\init_netx51.o
 .debug_abbrev  0x00000014       0x38 Targets\netX51\__arm-none-eabi\4.5.2\netx51_thumb_objs\main.o
 .debug_abbrev  0x0000004c       0xd2 Targets\netX51\__arm-none-eabi\4.5.2\netx51_thumb_objs\mmio_config.o
 .debug_abbrev  0x0000011e       0x36 Components\Application\arm-none-eabi\4.5.2\application\libApplication.a(Application.o)

.debug_line     0x00000000      0x23c
 *(.debug_line)
 .debug_line    0x00000000       0x8d Targets\netX51\__arm-none-eabi\4.5.2\netx51_arm_objs\init_netx51.o
 .debug_line    0x0000008d       0x54 Targets\netX51\__arm-none-eabi\4.5.2\netx51_thumb_objs\main.o
 .debug_line    0x000000e1       0xfb Targets\netX51\__arm-none-eabi\4.5.2\netx51_thumb_objs\mmio_config.o
 .debug_line    0x000001dc       0x60 Components\Application\arm-none-eabi\4.5.2\application\libApplication.a(Application.o)

.debug_frame    0x00000000       0x78
 *(.debug_frame)
 .debug_frame   0x00000000       0x28 Targets\netX51\__arm-none-eabi\4.5.2\netx51_thumb_objs\main.o
 .debug_frame   0x00000028       0x28 Targets\netX51\__arm-none-eabi\4.5.2\netx51_thumb_objs\mmio_config.o
 .debug_frame   0x00000050       0x28 Components\Application\arm-none-eabi\4.5.2\application\libApplication.a(Application.o)

.debug_str      0x00000000    0x30658
 *(.debug_str)
 .debug_str     0x00000000       0x7a Targets\netX51\__arm-none-eabi\4.5.2\netx51_thumb_objs\main.o
 .debug_str     0x0000007a    0x3059a Targets\netX51\__arm-none-eabi\4.5.2\netx51_thumb_objs\mmio_config.o
                              0x305f8 (size before relaxing)
 .debug_str     0x00030614       0x44 Components\Application\arm-none-eabi\4.5.2\application\libApplication.a(Application.o)
                                 0x95 (size before relaxing)

.debug_loc      0x00000000       0xa4
 *(.debug_loc)
 .debug_loc     0x00000000       0x20 Targets\netX51\__arm-none-eabi\4.5.2\netx51_thumb_objs\main.o
 .debug_loc     0x00000020       0x64 Targets\netX51\__arm-none-eabi\4.5.2\netx51_thumb_objs\mmio_config.o
 .debug_loc     0x00000084       0x20 Components\Application\arm-none-eabi\4.5.2\application\libApplication.a(Application.o)

.debug_macinfo
 *(.debug_macinfo)

.debug_weaknames
 *(.debug_weaknames)

.debug_funcnames
 *(.debug_funcnames)

.debug_typenames
 *(.debug_typenames)

.debug_varnames
 *(.debug_varnames)
OUTPUT(C:\Users\MBaev\git\Examples\313131111\ARM_Application\build\debugrel\Targets\netX51\NXHX51.elf elf32-littlearm)

.debug_ranges   0x00000000       0x48
 .debug_ranges  0x00000000       0x10 Targets\netX51\__arm-none-eabi\4.5.2\netx51_thumb_objs\main.o
 .debug_ranges  0x00000010       0x28 Targets\netX51\__arm-none-eabi\4.5.2\netx51_thumb_objs\mmio_config.o
 .debug_ranges  0x00000038       0x10 Components\Application\arm-none-eabi\4.5.2\application\libApplication.a(Application.o)

.debug_pubtypes
                0x00000000       0x39
 .debug_pubtypes
                0x00000000       0x39 Targets\netX51\__arm-none-eabi\4.5.2\netx51_thumb_objs\mmio_config.o

Cross Reference Table

Symbol                                            File
Main_Application                                  Components\Application\arm-none-eabi\4.5.2\application\libApplication.a(Application.o)
                                                  Targets\netX51\__arm-none-eabi\4.5.2\netx51_thumb_objs\main.o
_ABT_STACK_TOP                                    Targets\netX51\__arm-none-eabi\4.5.2\netx51_arm_objs\init_netx51.o
_FIQ_STACK_TOP                                    Targets\netX51\__arm-none-eabi\4.5.2\netx51_arm_objs\init_netx51.o
_IRQ_STACK_TOP                                    Targets\netX51\__arm-none-eabi\4.5.2\netx51_arm_objs\init_netx51.o
_SVC_STACK_TOP                                    Targets\netX51\__arm-none-eabi\4.5.2\netx51_arm_objs\init_netx51.o
_SYS_STACK_TOP                                    Targets\netX51\__arm-none-eabi\4.5.2\netx51_arm_objs\init_netx51.o
_UND_STACK_TOP                                    Targets\netX51\__arm-none-eabi\4.5.2\netx51_arm_objs\init_netx51.o
__bss_end__                                       Targets\netX51\__arm-none-eabi\4.5.2\netx51_arm_objs\init_netx51.o
__bss_start__                                     Targets\netX51\__arm-none-eabi\4.5.2\netx51_arm_objs\init_netx51.o
g_pvFWParam                                       Targets\netX51\__arm-none-eabi\4.5.2\netx51_arm_objs\init_netx51.o
main                                              Targets\netX51\__arm-none-eabi\4.5.2\netx51_thumb_objs\main.o
                                                  Targets\netX51\__arm-none-eabi\4.5.2\netx51_arm_objs\init_netx51.o
mmio_config_netx51                                Targets\netX51\__arm-none-eabi\4.5.2\netx51_thumb_objs\mmio_config.o
                                                  Targets\netX51\__arm-none-eabi\4.5.2\netx51_thumb_objs\main.o
rX_DevGetBootblock                                Targets\netX51\__arm-none-eabi\4.5.2\netx51_arm_objs\init_netx51.o
rX_DevGetBoottype                                 Targets\netX51\__arm-none-eabi\4.5.2\netx51_arm_objs\init_netx51.o
start                                             Targets\netX51\__arm-none-eabi\4.5.2\netx51_arm_objs\init_netx51.o
tBootblock                                        Targets\netX51\__arm-none-eabi\4.5.2\netx51_arm_objs\init_netx51.o
ulBootOption                                      Targets\netX51\__arm-none-eabi\4.5.2\netx51_arm_objs\init_netx51.o
